../Core/Src/main.c:110:5:main	8	static
../Core/Src/main.c:176:6:SystemClock_Config	88	static
../Core/Src/main.c:221:13:MX_ADC1_Init	24	static
../Core/Src/main.c:317:13:MX_SPI1_Init	8	static
../Core/Src/main.c:357:13:MX_TIM1_Init	104	static
../Core/Src/main.c:433:13:MX_TIM3_Init	48	static
../Core/Src/main.c:486:13:MX_TIM16_Init	8	static
../Core/Src/main.c:518:13:MX_USART1_UART_Init	8	static
../Core/Src/main.c:566:13:MX_USART2_UART_Init	8	static
../Core/Src/main.c:600:13:MX_DMA_Init	16	static
../Core/Src/main.c:618:13:MX_GPIO_Init	56	static
../Core/Src/main.c:669:6:setEngine	16	static
../Core/Src/main.c:704:6:HAL_TIM_PeriodElapsedCallback	16	static
../Core/Src/main.c:741:6:Error_Handler	8	static,ignoring_inline_asm
