../Core/Src/main.c:89:5:main	8	static
../Core/Src/main.c:163:6:SystemClock_Config	88	static
../Core/Src/main.c:208:13:MX_ADC1_Init	24	static
../Core/Src/main.c:304:13:MX_SPI1_Init	8	static
../Core/Src/main.c:344:13:MX_TIM1_Init	104	static
../Core/Src/main.c:420:13:MX_TIM3_Init	48	static
../Core/Src/main.c:473:13:MX_USART1_UART_Init	8	static
../Core/Src/main.c:521:13:MX_USART2_UART_Init	8	static
../Core/Src/main.c:555:13:MX_DMA_Init	16	static
../Core/Src/main.c:573:13:MX_GPIO_Init	56	static
../Core/Src/main.c:626:6:Error_Handler	8	static,ignoring_inline_asm
